Analysis & Synthesis report for jogo_de_velocidade
Mon Mar 30 22:06:53 2026
Quartus Prime Version 25.1std.0 Build 1129 10/21/2025 SC Lite Edition


---------------------
; Table of Contents ;
---------------------
  1. Legal Notice
  2. Analysis & Synthesis Summary
  3. Analysis & Synthesis Settings
  4. Parallel Compilation
  5. Analysis & Synthesis Source Files Read
  6. Analysis & Synthesis Resource Usage Summary
  7. Analysis & Synthesis Resource Utilization by Entity
  8. Registers Removed During Synthesis
  9. Removed Registers Triggering Further Register Optimizations
 10. General Register Statistics
 11. Parameter Settings for User Entity Instance: LPM_COUNTER:inst
 12. Parameter Settings for User Entity Instance: contador_delay:inst11|LPM_COMPARE:inst12
 13. Parameter Settings for User Entity Instance: contador_delay:inst11|LPM_COUNTER:inst11
 14. Parameter Settings for User Entity Instance: LPM_COUNTER:inst8
 15. Post-Synthesis Netlist Statistics for Top Partition
 16. Elapsed Time Per Partition
 17. Analysis & Synthesis Messages



----------------
; Legal Notice ;
----------------
Copyright (C) 2025  Altera Corporation. All rights reserved.
Your use of Altera Corporation's design tools, logic functions 
and other software and tools, and any partner logic 
functions, and any output files from any of the foregoing 
(including device programming or simulation files), and any 
associated documentation or information are expressly subject 
to the terms and conditions of the Altera Program License 
Subscription Agreement, the Altera Quartus Prime License Agreement,
the Altera IP License Agreement, or other applicable license
agreement, including, without limitation, that your use is for
the sole purpose of programming logic devices manufactured by
Altera and sold by Altera or its authorized distributors.  Please
refer to the Altera Software License Subscription Agreements 
on the Quartus Prime software download page.



+--------------------------------------------------------------------------------------+
; Analysis & Synthesis Summary                                                         ;
+------------------------------------+-------------------------------------------------+
; Analysis & Synthesis Status        ; Successful - Mon Mar 30 22:06:53 2026           ;
; Quartus Prime Version              ; 25.1std.0 Build 1129 10/21/2025 SC Lite Edition ;
; Revision Name                      ; jogo_de_velocidade                              ;
; Top-level Entity Name              ; top                                             ;
; Family                             ; Cyclone IV E                                    ;
; Total logic elements               ; 24                                              ;
;     Total combinational functions  ; 24                                              ;
;     Dedicated logic registers      ; 15                                              ;
; Total registers                    ; 15                                              ;
; Total pins                         ; 18                                              ;
; Total virtual pins                 ; 0                                               ;
; Total memory bits                  ; 0                                               ;
; Embedded Multiplier 9-bit elements ; 0                                               ;
; Total PLLs                         ; 0                                               ;
+------------------------------------+-------------------------------------------------+


+------------------------------------------------------------------------------------------------------------+
; Analysis & Synthesis Settings                                                                              ;
+------------------------------------------------------------------+--------------------+--------------------+
; Option                                                           ; Setting            ; Default Value      ;
+------------------------------------------------------------------+--------------------+--------------------+
; Device                                                           ; EP4CE6E22C8        ;                    ;
; Top-level entity name                                            ; top                ; jogo_de_velocidade ;
; Family name                                                      ; Cyclone IV E       ; Cyclone V          ;
; Maximum processors allowed for parallel compilation              ; All                ;                    ;
; Use smart compilation                                            ; Off                ; Off                ;
; Enable parallel Assembler and Timing Analyzer during compilation ; On                 ; On                 ;
; Enable compact report table                                      ; Off                ; Off                ;
; Restructure Multiplexers                                         ; Auto               ; Auto               ;
; Create Debugging Nodes for IP Cores                              ; Off                ; Off                ;
; Preserve fewer node names                                        ; On                 ; On                 ;
; Intel FPGA IP Evaluation Mode                                    ; Enable             ; Enable             ;
; Verilog Version                                                  ; Verilog_2001       ; Verilog_2001       ;
; VHDL Version                                                     ; VHDL_1993          ; VHDL_1993          ;
; State Machine Processing                                         ; Auto               ; Auto               ;
; Safe State Machine                                               ; Off                ; Off                ;
; Extract Verilog State Machines                                   ; On                 ; On                 ;
; Extract VHDL State Machines                                      ; On                 ; On                 ;
; Ignore Verilog initial constructs                                ; Off                ; Off                ;
; Iteration limit for constant Verilog loops                       ; 5000               ; 5000               ;
; Iteration limit for non-constant Verilog loops                   ; 250                ; 250                ;
; Add Pass-Through Logic to Inferred RAMs                          ; On                 ; On                 ;
; Infer RAMs from Raw Logic                                        ; On                 ; On                 ;
; Parallel Synthesis                                               ; On                 ; On                 ;
; DSP Block Balancing                                              ; Auto               ; Auto               ;
; NOT Gate Push-Back                                               ; On                 ; On                 ;
; Power-Up Don't Care                                              ; On                 ; On                 ;
; Remove Redundant Logic Cells                                     ; Off                ; Off                ;
; Remove Duplicate Registers                                       ; On                 ; On                 ;
; Ignore CARRY Buffers                                             ; Off                ; Off                ;
; Ignore CASCADE Buffers                                           ; Off                ; Off                ;
; Ignore GLOBAL Buffers                                            ; Off                ; Off                ;
; Ignore ROW GLOBAL Buffers                                        ; Off                ; Off                ;
; Ignore LCELL Buffers                                             ; Off                ; Off                ;
; Ignore SOFT Buffers                                              ; On                 ; On                 ;
; Limit AHDL Integers to 32 Bits                                   ; Off                ; Off                ;
; Optimization Technique                                           ; Balanced           ; Balanced           ;
; Carry Chain Length                                               ; 70                 ; 70                 ;
; Auto Carry Chains                                                ; On                 ; On                 ;
; Auto Open-Drain Pins                                             ; On                 ; On                 ;
; Perform WYSIWYG Primitive Resynthesis                            ; Off                ; Off                ;
; Auto ROM Replacement                                             ; On                 ; On                 ;
; Auto RAM Replacement                                             ; On                 ; On                 ;
; Auto DSP Block Replacement                                       ; On                 ; On                 ;
; Auto Shift Register Replacement                                  ; Auto               ; Auto               ;
; Allow Shift Register Merging across Hierarchies                  ; Auto               ; Auto               ;
; Auto Clock Enable Replacement                                    ; On                 ; On                 ;
; Strict RAM Replacement                                           ; Off                ; Off                ;
; Allow Synchronous Control Signals                                ; On                 ; On                 ;
; Force Use of Synchronous Clear Signals                           ; Off                ; Off                ;
; Auto RAM Block Balancing                                         ; On                 ; On                 ;
; Auto RAM to Logic Cell Conversion                                ; Off                ; Off                ;
; Auto Resource Sharing                                            ; Off                ; Off                ;
; Allow Any RAM Size For Recognition                               ; Off                ; Off                ;
; Allow Any ROM Size For Recognition                               ; Off                ; Off                ;
; Allow Any Shift Register Size For Recognition                    ; Off                ; Off                ;
; Use LogicLock Constraints during Resource Balancing              ; On                 ; On                 ;
; Ignore translate_off and synthesis_off directives                ; Off                ; Off                ;
; Timing-Driven Synthesis                                          ; On                 ; On                 ;
; Report Parameter Settings                                        ; On                 ; On                 ;
; Report Source Assignments                                        ; On                 ; On                 ;
; Report Connectivity Checks                                       ; On                 ; On                 ;
; Ignore Maximum Fan-Out Assignments                               ; Off                ; Off                ;
; Synchronization Register Chain Length                            ; 2                  ; 2                  ;
; Power Optimization During Synthesis                              ; Normal compilation ; Normal compilation ;
; HDL message level                                                ; Level2             ; Level2             ;
; Suppress Register Optimization Related Messages                  ; Off                ; Off                ;
; Number of Removed Registers Reported in Synthesis Report         ; 5000               ; 5000               ;
; Number of Swept Nodes Reported in Synthesis Report               ; 5000               ; 5000               ;
; Number of Inverted Registers Reported in Synthesis Report        ; 100                ; 100                ;
; Clock MUX Protection                                             ; On                 ; On                 ;
; Auto Gated Clock Conversion                                      ; Off                ; Off                ;
; Block Design Naming                                              ; Auto               ; Auto               ;
; SDC constraint protection                                        ; Off                ; Off                ;
; Synthesis Effort                                                 ; Auto               ; Auto               ;
; Shift Register Replacement - Allow Asynchronous Clear Signal     ; On                 ; On                 ;
; Pre-Mapping Resynthesis Optimization                             ; Off                ; Off                ;
; Analysis & Synthesis Message Level                               ; Medium             ; Medium             ;
; Disable Register Merging Across Hierarchies                      ; Auto               ; Auto               ;
; Resource Aware Inference For Block RAM                           ; On                 ; On                 ;
+------------------------------------------------------------------+--------------------+--------------------+


+------------------------------------------+
; Parallel Compilation                     ;
+----------------------------+-------------+
; Processors                 ; Number      ;
+----------------------------+-------------+
; Number detected on machine ; 16          ;
; Maximum allowed            ; 16          ;
;                            ;             ;
; Average used               ; 1.00        ;
; Maximum used               ; 16          ;
;                            ;             ;
; Usage by Processor         ; % Time Used ;
;     Processor 1            ; 100.0%      ;
;     Processors 2-16        ;   0.0%      ;
+----------------------------+-------------+


+-----------------------------------------------------------------------------------------------------------------------------------------------------------------------------------------------------+
; Analysis & Synthesis Source Files Read                                                                                                                                                              ;
+----------------------------------+-----------------+------------------------------------------+-------------------------------------------------------------------------------------------+---------+
; File Name with User-Entered Path ; Used in Netlist ; File Type                                ; File Name with Absolute Path                                                              ; Library ;
+----------------------------------+-----------------+------------------------------------------+-------------------------------------------------------------------------------------------+---------+
; FSM.bdf                          ; yes             ; User Block Diagram/Schematic File        ; /home/matheus/Downloads/Jogo-de-Velocidade/src/FSM.bdf                                    ;         ;
; seven_segment.bdf                ; yes             ; User Block Diagram/Schematic File        ; /home/matheus/Downloads/Jogo-de-Velocidade/src/seven_segment.bdf                          ;         ;
; contador.bdf                     ; yes             ; User Block Diagram/Schematic File        ; /home/matheus/Downloads/Jogo-de-Velocidade/src/contador.bdf                               ;         ;
; top.bdf                          ; yes             ; User Block Diagram/Schematic File        ; /home/matheus/Downloads/Jogo-de-Velocidade/src/top.bdf                                    ;         ;
; debounce.bdf                     ; yes             ; User Block Diagram/Schematic File        ; /home/matheus/Downloads/Jogo-de-Velocidade/src/debounce.bdf                               ;         ;
; demux.bdf                        ; yes             ; User Block Diagram/Schematic File        ; /home/matheus/Downloads/Jogo-de-Velocidade/src/demux.bdf                                  ;         ;
; contador_delay.bdf               ; yes             ; User Block Diagram/Schematic File        ; /home/matheus/Downloads/Jogo-de-Velocidade/src/contador_delay.bdf                         ;         ;
; lpm_counter.tdf                  ; yes             ; Megafunction                             ; /home/matheus/altera_lite/25.1std/quartus/libraries/megafunctions/lpm_counter.tdf         ;         ;
; lpm_constant.inc                 ; yes             ; Megafunction                             ; /home/matheus/altera_lite/25.1std/quartus/libraries/megafunctions/lpm_constant.inc        ;         ;
; lpm_decode.inc                   ; yes             ; Megafunction                             ; /home/matheus/altera_lite/25.1std/quartus/libraries/megafunctions/lpm_decode.inc          ;         ;
; lpm_add_sub.inc                  ; yes             ; Megafunction                             ; /home/matheus/altera_lite/25.1std/quartus/libraries/megafunctions/lpm_add_sub.inc         ;         ;
; cmpconst.inc                     ; yes             ; Megafunction                             ; /home/matheus/altera_lite/25.1std/quartus/libraries/megafunctions/cmpconst.inc            ;         ;
; lpm_compare.inc                  ; yes             ; Megafunction                             ; /home/matheus/altera_lite/25.1std/quartus/libraries/megafunctions/lpm_compare.inc         ;         ;
; lpm_counter.inc                  ; yes             ; Megafunction                             ; /home/matheus/altera_lite/25.1std/quartus/libraries/megafunctions/lpm_counter.inc         ;         ;
; dffeea.inc                       ; yes             ; Megafunction                             ; /home/matheus/altera_lite/25.1std/quartus/libraries/megafunctions/dffeea.inc              ;         ;
; alt_counter_stratix.inc          ; yes             ; Megafunction                             ; /home/matheus/altera_lite/25.1std/quartus/libraries/megafunctions/alt_counter_stratix.inc ;         ;
; aglobal251.inc                   ; yes             ; Megafunction                             ; /home/matheus/altera_lite/25.1std/quartus/libraries/megafunctions/aglobal251.inc          ;         ;
; db/cntr_tmj.tdf                  ; yes             ; Auto-Generated Megafunction              ; /home/matheus/Downloads/Jogo-de-Velocidade/src/db/cntr_tmj.tdf                            ;         ;
; db/cmpr_gic.tdf                  ; yes             ; Auto-Generated Megafunction              ; /home/matheus/Downloads/Jogo-de-Velocidade/src/db/cmpr_gic.tdf                            ;         ;
; lpm_compare.tdf                  ; yes             ; Megafunction                             ; /home/matheus/altera_lite/25.1std/quartus/libraries/megafunctions/lpm_compare.tdf         ;         ;
; comptree.inc                     ; yes             ; Megafunction                             ; /home/matheus/altera_lite/25.1std/quartus/libraries/megafunctions/comptree.inc            ;         ;
; altshift.inc                     ; yes             ; Megafunction                             ; /home/matheus/altera_lite/25.1std/quartus/libraries/megafunctions/altshift.inc            ;         ;
; db/cmpr_6pd.tdf                  ; yes             ; Auto-Generated Megafunction              ; /home/matheus/Downloads/Jogo-de-Velocidade/src/db/cmpr_6pd.tdf                            ;         ;
; db/cntr_4ak.tdf                  ; yes             ; Auto-Generated Megafunction              ; /home/matheus/Downloads/Jogo-de-Velocidade/src/db/cntr_4ak.tdf                            ;         ;
; lfsr.bdf                         ; yes             ; Auto-Found Block Diagram/Schematic File  ; /home/matheus/Downloads/Jogo-de-Velocidade/src/lfsr.bdf                                   ;         ;
; 7447.bdf                         ; yes             ; Megafunction                             ; /home/matheus/altera_lite/25.1std/quartus/libraries/others/maxplus2/7447.bdf              ;         ;
; db/cntr_ojj.tdf                  ; yes             ; Auto-Generated Megafunction              ; /home/matheus/Downloads/Jogo-de-Velocidade/src/db/cntr_ojj.tdf                            ;         ;
; db/cmpr_9ic.tdf                  ; yes             ; Auto-Generated Megafunction              ; /home/matheus/Downloads/Jogo-de-Velocidade/src/db/cmpr_9ic.tdf                            ;         ;
+----------------------------------+-----------------+------------------------------------------+-------------------------------------------------------------------------------------------+---------+


+-----------------------------------------------------------+
; Analysis & Synthesis Resource Usage Summary               ;
+---------------------------------------------+-------------+
; Resource                                    ; Usage       ;
+---------------------------------------------+-------------+
; Estimated Total logic elements              ; 24          ;
;                                             ;             ;
; Total combinational functions               ; 24          ;
; Logic element usage by number of LUT inputs ;             ;
;     -- 4 input functions                    ; 4           ;
;     -- 3 input functions                    ; 2           ;
;     -- <=2 input functions                  ; 18          ;
;                                             ;             ;
; Logic elements by mode                      ;             ;
;     -- normal mode                          ; 12          ;
;     -- arithmetic mode                      ; 12          ;
;                                             ;             ;
; Total registers                             ; 15          ;
;     -- Dedicated logic registers            ; 15          ;
;     -- I/O registers                        ; 0           ;
;                                             ;             ;
; I/O pins                                    ; 18          ;
;                                             ;             ;
; Embedded Multiplier 9-bit elements          ; 0           ;
;                                             ;             ;
; Maximum fan-out node                        ; clock~input ;
; Maximum fan-out                             ; 13          ;
; Total fan-out                               ; 127         ;
; Average fan-out                             ; 1.69        ;
+---------------------------------------------+-------------+


+-----------------------------------------------------------------------------------------------------------------------------------------------------------------------------------------------------------------------------------------------------------+
; Analysis & Synthesis Resource Utilization by Entity                                                                                                                                                                                                       ;
+---------------------------------+---------------------+---------------------------+-------------+--------------+---------+-----------+------+--------------+---------------------------------------------------------------+---------------+--------------+
; Compilation Hierarchy Node      ; Combinational ALUTs ; Dedicated Logic Registers ; Memory Bits ; DSP Elements ; DSP 9x9 ; DSP 18x18 ; Pins ; Virtual Pins ; Full Hierarchy Name                                           ; Entity Name   ; Library Name ;
+---------------------------------+---------------------+---------------------------+-------------+--------------+---------+-----------+------+--------------+---------------------------------------------------------------+---------------+--------------+
; |top                            ; 24 (2)              ; 15 (1)                    ; 0           ; 0            ; 0       ; 0         ; 18   ; 0            ; |top                                                          ; top           ; work         ;
;    |lpm_counter:inst8|          ; 18 (0)              ; 12 (0)                    ; 0           ; 0            ; 0       ; 0         ; 0    ; 0            ; |top|lpm_counter:inst8                                        ; lpm_counter   ; work         ;
;       |cntr_ojj:auto_generated| ; 18 (14)             ; 12 (12)                   ; 0           ; 0            ; 0       ; 0         ; 0    ; 0            ; |top|lpm_counter:inst8|cntr_ojj:auto_generated                ; cntr_ojj      ; work         ;
;          |cmpr_9ic:cmpr1|       ; 4 (4)               ; 0 (0)                     ; 0           ; 0            ; 0       ; 0         ; 0    ; 0            ; |top|lpm_counter:inst8|cntr_ojj:auto_generated|cmpr_9ic:cmpr1 ; cmpr_9ic      ; work         ;
;    |seven_segment:inst20|       ; 4 (2)               ; 2 (2)                     ; 0           ; 0            ; 0       ; 0         ; 0    ; 0            ; |top|seven_segment:inst20                                     ; seven_segment ; work         ;
;       |demux:inst10|            ; 2 (2)               ; 0 (0)                     ; 0           ; 0            ; 0       ; 0         ; 0    ; 0            ; |top|seven_segment:inst20|demux:inst10                        ; demux         ; work         ;
+---------------------------------+---------------------+---------------------------+-------------+--------------+---------+-----------+------+--------------+---------------------------------------------------------------+---------------+--------------+
Note: For table entries with two numbers listed, the numbers in parentheses indicate the number of resources of the given type used by the specific entity alone. The numbers listed outside of parentheses indicate the total resources of the given type used by the specific entity and all of its sub-entities in the hierarchy.


+--------------------------------------------------------------------------------------------------------------------------------------+
; Registers Removed During Synthesis                                                                                                   ;
+----------------------------------------------------------------------------------------+---------------------------------------------+
; Register name                                                                          ; Reason for Removal                          ;
+----------------------------------------------------------------------------------------+---------------------------------------------+
; FSM:inst12|inst2                                                                       ; Stuck at GND due to stuck port clock        ;
; FSM:inst12|inst                                                                        ; Stuck at GND due to stuck port clock        ;
; FSM:inst12|inst1                                                                       ; Stuck at GND due to stuck port clock        ;
; debounce:inst4|inst2                                                                   ; Lost fanout                                 ;
; debounce:inst4|inst1                                                                   ; Lost fanout                                 ;
; debounce:inst3|inst2                                                                   ; Lost fanout                                 ;
; debounce:inst3|inst1                                                                   ; Lost fanout                                 ;
; contador:inst5|inst3                                                                   ; Stuck at GND due to stuck port clock        ;
; contador:inst5|inst                                                                    ; Stuck at GND due to stuck port clock        ;
; contador:inst5|inst1                                                                   ; Stuck at GND due to stuck port clock        ;
; contador:inst5|inst2                                                                   ; Stuck at GND due to stuck port clock        ;
; contador:inst7|inst3                                                                   ; Stuck at GND due to stuck port clock        ;
; contador:inst7|inst                                                                    ; Stuck at GND due to stuck port clock        ;
; contador:inst7|inst1                                                                   ; Stuck at GND due to stuck port clock        ;
; contador:inst7|inst2                                                                   ; Stuck at GND due to stuck port clock        ;
; contador_delay:inst11|lpm_counter:inst11|cntr_4ak:auto_generated|counter_reg_bit[0..7] ; Stuck at GND due to stuck port clock_enable ;
; inst1                                                                                  ; Lost fanout                                 ;
; lfsr:inst6|FF0                                                                         ; Lost fanout                                 ;
; lfsr:inst6|FF3                                                                         ; Lost fanout                                 ;
; lfsr:inst6|FF2                                                                         ; Lost fanout                                 ;
; lfsr:inst6|FF1                                                                         ; Lost fanout                                 ;
; lfsr:inst6|FF4                                                                         ; Lost fanout                                 ;
; lfsr:inst6|FF5                                                                         ; Lost fanout                                 ;
; lfsr:inst6|FF7                                                                         ; Lost fanout                                 ;
; lfsr:inst6|FF6                                                                         ; Lost fanout                                 ;
; lpm_counter:inst|cntr_tmj:auto_generated|counter_reg_bit[0..18]                        ; Lost fanout                                 ;
; Total Number of Removed Registers = 51                                                 ;                                             ;
+----------------------------------------------------------------------------------------+---------------------------------------------+


+--------------------------------------------------------------------------------------------------------------------------------------+
; Removed Registers Triggering Further Register Optimizations                                                                          ;
+------------------+-------------------------+-----------------------------------------------------------------------------------------+
; Register name    ; Reason for Removal      ; Registers Removed due to This Register                                                  ;
+------------------+-------------------------+-----------------------------------------------------------------------------------------+
; FSM:inst12|inst2 ; Stuck at GND            ; debounce:inst4|inst2, debounce:inst4|inst1, debounce:inst3|inst2, debounce:inst3|inst1, ;
;                  ; due to stuck port clock ; contador:inst5|inst3, contador:inst5|inst, contador:inst5|inst1, contador:inst5|inst2,  ;
;                  ;                         ; contador:inst7|inst3, contador:inst7|inst, contador:inst7|inst1, contador:inst7|inst2,  ;
;                  ;                         ; contador_delay:inst11|lpm_counter:inst11|cntr_4ak:auto_generated|counter_reg_bit[7],    ;
;                  ;                         ; contador_delay:inst11|lpm_counter:inst11|cntr_4ak:auto_generated|counter_reg_bit[6],    ;
;                  ;                         ; contador_delay:inst11|lpm_counter:inst11|cntr_4ak:auto_generated|counter_reg_bit[5],    ;
;                  ;                         ; contador_delay:inst11|lpm_counter:inst11|cntr_4ak:auto_generated|counter_reg_bit[4],    ;
;                  ;                         ; contador_delay:inst11|lpm_counter:inst11|cntr_4ak:auto_generated|counter_reg_bit[3],    ;
;                  ;                         ; contador_delay:inst11|lpm_counter:inst11|cntr_4ak:auto_generated|counter_reg_bit[2],    ;
;                  ;                         ; contador_delay:inst11|lpm_counter:inst11|cntr_4ak:auto_generated|counter_reg_bit[1],    ;
;                  ;                         ; contador_delay:inst11|lpm_counter:inst11|cntr_4ak:auto_generated|counter_reg_bit[0],    ;
;                  ;                         ; inst1, lpm_counter:inst|cntr_tmj:auto_generated|counter_reg_bit[18],                    ;
;                  ;                         ; lpm_counter:inst|cntr_tmj:auto_generated|counter_reg_bit[17],                           ;
;                  ;                         ; lpm_counter:inst|cntr_tmj:auto_generated|counter_reg_bit[15],                           ;
;                  ;                         ; lpm_counter:inst|cntr_tmj:auto_generated|counter_reg_bit[14],                           ;
;                  ;                         ; lpm_counter:inst|cntr_tmj:auto_generated|counter_reg_bit[7]                             ;
; lfsr:inst6|FF0   ; Lost Fanouts            ; lfsr:inst6|FF3, lfsr:inst6|FF2, lfsr:inst6|FF1, lfsr:inst6|FF4, lfsr:inst6|FF5,         ;
;                  ;                         ; lfsr:inst6|FF7, lfsr:inst6|FF6                                                          ;
+------------------+-------------------------+-----------------------------------------------------------------------------------------+


+------------------------------------------------------+
; General Register Statistics                          ;
+----------------------------------------------+-------+
; Statistic                                    ; Value ;
+----------------------------------------------+-------+
; Total registers                              ; 15    ;
; Number of registers using Synchronous Clear  ; 0     ;
; Number of registers using Synchronous Load   ; 12    ;
; Number of registers using Asynchronous Clear ; 0     ;
; Number of registers using Asynchronous Load  ; 0     ;
; Number of registers using Clock Enable       ; 0     ;
; Number of registers using Preset             ; 0     ;
+----------------------------------------------+-------+


+-----------------------------------------------------------------+
; Parameter Settings for User Entity Instance: LPM_COUNTER:inst   ;
+------------------------+-------------------+--------------------+
; Parameter Name         ; Value             ; Type               ;
+------------------------+-------------------+--------------------+
; AUTO_CARRY_CHAINS      ; ON                ; AUTO_CARRY         ;
; IGNORE_CARRY_BUFFERS   ; OFF               ; IGNORE_CARRY       ;
; AUTO_CASCADE_CHAINS    ; ON                ; AUTO_CASCADE       ;
; IGNORE_CASCADE_BUFFERS ; OFF               ; IGNORE_CASCADE     ;
; LPM_WIDTH              ; 19                ; Untyped            ;
; LPM_DIRECTION          ; UP                ; Untyped            ;
; LPM_MODULUS            ; 500000            ; Untyped            ;
; LPM_AVALUE             ; UNUSED            ; Untyped            ;
; LPM_SVALUE             ; UNUSED            ; Untyped            ;
; LPM_PORT_UPDOWN        ; PORT_CONNECTIVITY ; Untyped            ;
; DEVICE_FAMILY          ; Cyclone IV E      ; Untyped            ;
; CARRY_CHAIN            ; MANUAL            ; Untyped            ;
; CARRY_CHAIN_LENGTH     ; 48                ; CARRY_CHAIN_LENGTH ;
; NOT_GATE_PUSH_BACK     ; ON                ; NOT_GATE_PUSH_BACK ;
; CARRY_CNT_EN           ; SMART             ; Untyped            ;
; LABWIDE_SCLR           ; ON                ; Untyped            ;
; USE_NEW_VERSION        ; TRUE              ; Untyped            ;
; CBXI_PARAMETER         ; cntr_tmj          ; Untyped            ;
+------------------------+-------------------+--------------------+
Note: In order to hide this table in the UI and the text report file, please set the "Show Parameter Settings in Synthesis Report" option in "Analysis and Synthesis Settings -> More Settings" to "Off".


+---------------------------------------------------------------------------------------+
; Parameter Settings for User Entity Instance: contador_delay:inst11|LPM_COMPARE:inst12 ;
+------------------------+--------------+-----------------------------------------------+
; Parameter Name         ; Value        ; Type                                          ;
+------------------------+--------------+-----------------------------------------------+
; lpm_width              ; 8            ; Untyped                                       ;
; LPM_REPRESENTATION     ; UNSIGNED     ; Untyped                                       ;
; LPM_PIPELINE           ; 0            ; Untyped                                       ;
; CHAIN_SIZE             ; 8            ; Untyped                                       ;
; ONE_INPUT_IS_CONSTANT  ; NO           ; Untyped                                       ;
; CARRY_CHAIN            ; MANUAL       ; Untyped                                       ;
; CASCADE_CHAIN          ; MANUAL       ; Untyped                                       ;
; CARRY_CHAIN_LENGTH     ; 48           ; CARRY_CHAIN_LENGTH                            ;
; CASCADE_CHAIN_LENGTH   ; 2            ; CASCADE_CHAIN_LENGTH                          ;
; DEVICE_FAMILY          ; Cyclone IV E ; Untyped                                       ;
; CBXI_PARAMETER         ; cmpr_6pd     ; Untyped                                       ;
; AUTO_CARRY_CHAINS      ; ON           ; AUTO_CARRY                                    ;
; IGNORE_CARRY_BUFFERS   ; OFF          ; IGNORE_CARRY                                  ;
; AUTO_CASCADE_CHAINS    ; ON           ; AUTO_CASCADE                                  ;
; IGNORE_CASCADE_BUFFERS ; OFF          ; IGNORE_CASCADE                                ;
+------------------------+--------------+-----------------------------------------------+
Note: In order to hide this table in the UI and the text report file, please set the "Show Parameter Settings in Synthesis Report" option in "Analysis and Synthesis Settings -> More Settings" to "Off".


+---------------------------------------------------------------------------------------+
; Parameter Settings for User Entity Instance: contador_delay:inst11|LPM_COUNTER:inst11 ;
+------------------------+-------------------+------------------------------------------+
; Parameter Name         ; Value             ; Type                                     ;
+------------------------+-------------------+------------------------------------------+
; AUTO_CARRY_CHAINS      ; ON                ; AUTO_CARRY                               ;
; IGNORE_CARRY_BUFFERS   ; OFF               ; IGNORE_CARRY                             ;
; AUTO_CASCADE_CHAINS    ; ON                ; AUTO_CASCADE                             ;
; IGNORE_CASCADE_BUFFERS ; OFF               ; IGNORE_CASCADE                           ;
; LPM_WIDTH              ; 8                 ; Untyped                                  ;
; LPM_DIRECTION          ; UP                ; Untyped                                  ;
; LPM_MODULUS            ; 256               ; Untyped                                  ;
; LPM_AVALUE             ; UNUSED            ; Untyped                                  ;
; LPM_SVALUE             ; UNUSED            ; Untyped                                  ;
; LPM_PORT_UPDOWN        ; PORT_CONNECTIVITY ; Untyped                                  ;
; DEVICE_FAMILY          ; Cyclone IV E      ; Untyped                                  ;
; CARRY_CHAIN            ; MANUAL            ; Untyped                                  ;
; CARRY_CHAIN_LENGTH     ; 48                ; CARRY_CHAIN_LENGTH                       ;
; NOT_GATE_PUSH_BACK     ; ON                ; NOT_GATE_PUSH_BACK                       ;
; CARRY_CNT_EN           ; SMART             ; Untyped                                  ;
; LABWIDE_SCLR           ; ON                ; Untyped                                  ;
; USE_NEW_VERSION        ; TRUE              ; Untyped                                  ;
; CBXI_PARAMETER         ; cntr_4ak          ; Untyped                                  ;
+------------------------+-------------------+------------------------------------------+
Note: In order to hide this table in the UI and the text report file, please set the "Show Parameter Settings in Synthesis Report" option in "Analysis and Synthesis Settings -> More Settings" to "Off".


+-----------------------------------------------------------------+
; Parameter Settings for User Entity Instance: LPM_COUNTER:inst8  ;
+------------------------+-------------------+--------------------+
; Parameter Name         ; Value             ; Type               ;
+------------------------+-------------------+--------------------+
; AUTO_CARRY_CHAINS      ; ON                ; AUTO_CARRY         ;
; IGNORE_CARRY_BUFFERS   ; OFF               ; IGNORE_CARRY       ;
; AUTO_CASCADE_CHAINS    ; ON                ; AUTO_CASCADE       ;
; IGNORE_CASCADE_BUFFERS ; OFF               ; IGNORE_CASCADE     ;
; LPM_WIDTH              ; 12                ; Untyped            ;
; LPM_DIRECTION          ; UP                ; Untyped            ;
; LPM_MODULUS            ; 2500              ; Untyped            ;
; LPM_AVALUE             ; UNUSED            ; Untyped            ;
; LPM_SVALUE             ; UNUSED            ; Untyped            ;
; LPM_PORT_UPDOWN        ; PORT_CONNECTIVITY ; Untyped            ;
; DEVICE_FAMILY          ; Cyclone IV E      ; Untyped            ;
; CARRY_CHAIN            ; MANUAL            ; Untyped            ;
; CARRY_CHAIN_LENGTH     ; 48                ; CARRY_CHAIN_LENGTH ;
; NOT_GATE_PUSH_BACK     ; ON                ; NOT_GATE_PUSH_BACK ;
; CARRY_CNT_EN           ; SMART             ; Untyped            ;
; LABWIDE_SCLR           ; ON                ; Untyped            ;
; USE_NEW_VERSION        ; TRUE              ; Untyped            ;
; CBXI_PARAMETER         ; cntr_ojj          ; Untyped            ;
+------------------------+-------------------+--------------------+
Note: In order to hide this table in the UI and the text report file, please set the "Show Parameter Settings in Synthesis Report" option in "Analysis and Synthesis Settings -> More Settings" to "Off".


+-----------------------------------------------------+
; Post-Synthesis Netlist Statistics for Top Partition ;
+-----------------------+-----------------------------+
; Type                  ; Count                       ;
+-----------------------+-----------------------------+
; boundary_port         ; 18                          ;
; cycloneiii_ff         ; 15                          ;
;     SLD               ; 12                          ;
;     plain             ; 3                           ;
; cycloneiii_lcell_comb ; 26                          ;
;     arith             ; 12                          ;
;         2 data inputs ; 12                          ;
;     normal            ; 14                          ;
;         0 data inputs ; 3                           ;
;         1 data inputs ; 2                           ;
;         2 data inputs ; 3                           ;
;         3 data inputs ; 2                           ;
;         4 data inputs ; 4                           ;
;                       ;                             ;
; Max LUT depth         ; 3.20                        ;
; Average LUT depth     ; 2.35                        ;
+-----------------------+-----------------------------+


+-------------------------------+
; Elapsed Time Per Partition    ;
+----------------+--------------+
; Partition Name ; Elapsed Time ;
+----------------+--------------+
; Top            ; 00:00:00     ;
+----------------+--------------+


+-------------------------------+
; Analysis & Synthesis Messages ;
+-------------------------------+
Info: *******************************************************************
Info: Running Quartus Prime Analysis & Synthesis
    Info: Version 25.1std.0 Build 1129 10/21/2025 SC Lite Edition
    Info: Processing started: Mon Mar 30 22:06:45 2026
Info: Command: quartus_map --read_settings_files=on --write_settings_files=off jogo_de_velocidade -c jogo_de_velocidade
Info (20030): Parallel compilation is enabled and will use 16 of the 16 processors detected
Info (12021): Found 1 design units, including 1 entities, in source file FSM.bdf
    Info (12023): Found entity 1: FSM
Info (12021): Found 1 design units, including 1 entities, in source file seven_segment.bdf
    Info (12023): Found entity 1: seven_segment
Info (12021): Found 1 design units, including 1 entities, in source file buzzer.bdf
    Info (12023): Found entity 1: buzzer
Info (12021): Found 1 design units, including 1 entities, in source file contador.bdf
    Info (12023): Found entity 1: contador
Info (12021): Found 1 design units, including 1 entities, in source file top.bdf
    Info (12023): Found entity 1: top
Info (12021): Found 1 design units, including 1 entities, in source file debounce.bdf
    Info (12023): Found entity 1: debounce
Info (12021): Found 1 design units, including 1 entities, in source file demux.bdf
    Info (12023): Found entity 1: demux
Info (12021): Found 1 design units, including 1 entities, in source file contador_delay.bdf
    Info (12023): Found entity 1: contador_delay
Info (12127): Elaborating entity "top" for the top level hierarchy
Warning (275089): Not all bits in bus "key[3..0]" are used
Warning (275080): Converted elements in bus name "key" using legacy naming rules. Make any assignments on the new names, not on the original names.
    Warning (275081): Converted element name(s) from "key[3]" to "key3"
    Warning (275081): Converted element name(s) from "key[2]" to "key2"
    Warning (275081): Converted element name(s) from "key[0]" to "key0"
Info (12128): Elaborating entity "FSM" for hierarchy "FSM:inst12"
Info (12128): Elaborating entity "debounce" for hierarchy "debounce:inst4"
Info (12128): Elaborating entity "LPM_COUNTER" for hierarchy "LPM_COUNTER:inst"
Info (12130): Elaborated megafunction instantiation "LPM_COUNTER:inst"
Info (12133): Instantiated megafunction "LPM_COUNTER:inst" with the following parameter:
    Info (12134): Parameter "LPM_DIRECTION" = "UP"
    Info (12134): Parameter "LPM_MODULUS" = "500000"
    Info (12134): Parameter "LPM_WIDTH" = "19"
Info (12021): Found 1 design units, including 1 entities, in source file db/cntr_tmj.tdf
    Info (12023): Found entity 1: cntr_tmj File: /home/matheus/Downloads/Jogo-de-Velocidade/src/db/cntr_tmj.tdf Line: 28
Info (12128): Elaborating entity "cntr_tmj" for hierarchy "LPM_COUNTER:inst|cntr_tmj:auto_generated" File: /home/matheus/altera_lite/25.1std/quartus/libraries/megafunctions/lpm_counter.tdf Line: 259
Info (12021): Found 1 design units, including 1 entities, in source file db/cmpr_gic.tdf
    Info (12023): Found entity 1: cmpr_gic File: /home/matheus/Downloads/Jogo-de-Velocidade/src/db/cmpr_gic.tdf Line: 23
Info (12128): Elaborating entity "cmpr_gic" for hierarchy "LPM_COUNTER:inst|cntr_tmj:auto_generated|cmpr_gic:cmpr1" File: /home/matheus/Downloads/Jogo-de-Velocidade/src/db/cntr_tmj.tdf Line: 130
Info (12128): Elaborating entity "contador_delay" for hierarchy "contador_delay:inst11"
Warning (275004): Undeclared parameter UP
Warning (275006): Can't find a definition for parameter LPM_DIRECTION -- assuming UP was intended to be a quoted string
Info (12128): Elaborating entity "LPM_COMPARE" for hierarchy "contador_delay:inst11|LPM_COMPARE:inst12"
Info (12130): Elaborated megafunction instantiation "contador_delay:inst11|LPM_COMPARE:inst12"
Info (12133): Instantiated megafunction "contador_delay:inst11|LPM_COMPARE:inst12" with the following parameter:
    Info (12134): Parameter "LPM_WIDTH" = "8"
Info (12021): Found 1 design units, including 1 entities, in source file db/cmpr_6pd.tdf
    Info (12023): Found entity 1: cmpr_6pd File: /home/matheus/Downloads/Jogo-de-Velocidade/src/db/cmpr_6pd.tdf Line: 23
Info (12128): Elaborating entity "cmpr_6pd" for hierarchy "contador_delay:inst11|LPM_COMPARE:inst12|cmpr_6pd:auto_generated" File: /home/matheus/altera_lite/25.1std/quartus/libraries/megafunctions/lpm_compare.tdf Line: 281
Info (12128): Elaborating entity "LPM_COUNTER" for hierarchy "contador_delay:inst11|LPM_COUNTER:inst11"
Info (12130): Elaborated megafunction instantiation "contador_delay:inst11|LPM_COUNTER:inst11"
Info (12133): Instantiated megafunction "contador_delay:inst11|LPM_COUNTER:inst11" with the following parameter:
    Info (12134): Parameter "LPM_DIRECTION" = "UP"
    Info (12134): Parameter "LPM_MODULUS" = "256"
    Info (12134): Parameter "LPM_WIDTH" = "8"
Info (12021): Found 1 design units, including 1 entities, in source file db/cntr_4ak.tdf
    Info (12023): Found entity 1: cntr_4ak File: /home/matheus/Downloads/Jogo-de-Velocidade/src/db/cntr_4ak.tdf Line: 26
Info (12128): Elaborating entity "cntr_4ak" for hierarchy "contador_delay:inst11|LPM_COUNTER:inst11|cntr_4ak:auto_generated" File: /home/matheus/altera_lite/25.1std/quartus/libraries/megafunctions/lpm_counter.tdf Line: 259
Warning (12125): Using design file lfsr.bdf, which is not specified as a design file for the current project, but contains definitions for 1 design units and 1 entities in project
    Info (12023): Found entity 1: lfsr
Info (12128): Elaborating entity "lfsr" for hierarchy "lfsr:inst6"
Info (12128): Elaborating entity "seven_segment" for hierarchy "seven_segment:inst20"
Info (12128): Elaborating entity "demux" for hierarchy "seven_segment:inst20|demux:inst10"
Info (12128): Elaborating entity "7447" for hierarchy "seven_segment:inst20|7447:inst15"
Info (12130): Elaborated megafunction instantiation "seven_segment:inst20|7447:inst15"
Info (12128): Elaborating entity "LPM_COUNTER" for hierarchy "LPM_COUNTER:inst8"
Info (12130): Elaborated megafunction instantiation "LPM_COUNTER:inst8"
Info (12133): Instantiated megafunction "LPM_COUNTER:inst8" with the following parameter:
    Info (12134): Parameter "LPM_DIRECTION" = "UP"
    Info (12134): Parameter "LPM_MODULUS" = "2500"
    Info (12134): Parameter "LPM_WIDTH" = "12"
Info (12021): Found 1 design units, including 1 entities, in source file db/cntr_ojj.tdf
    Info (12023): Found entity 1: cntr_ojj File: /home/matheus/Downloads/Jogo-de-Velocidade/src/db/cntr_ojj.tdf Line: 28
Info (12128): Elaborating entity "cntr_ojj" for hierarchy "LPM_COUNTER:inst8|cntr_ojj:auto_generated" File: /home/matheus/altera_lite/25.1std/quartus/libraries/megafunctions/lpm_counter.tdf Line: 259
Info (12021): Found 1 design units, including 1 entities, in source file db/cmpr_9ic.tdf
    Info (12023): Found entity 1: cmpr_9ic File: /home/matheus/Downloads/Jogo-de-Velocidade/src/db/cmpr_9ic.tdf Line: 23
Info (12128): Elaborating entity "cmpr_9ic" for hierarchy "LPM_COUNTER:inst8|cntr_ojj:auto_generated|cmpr_9ic:cmpr1" File: /home/matheus/Downloads/Jogo-de-Velocidade/src/db/cntr_ojj.tdf Line: 95
Info (12128): Elaborating entity "contador" for hierarchy "contador:inst7"
Warning (13046): Tri-state node(s) do not directly drive top-level pin(s)
    Warning (13048): Converted tri-state node "seven_segment:inst20|bit[3]" into a selector
    Warning (13048): Converted tri-state node "seven_segment:inst20|bit[2]" into a selector
    Warning (13048): Converted tri-state node "seven_segment:inst20|bit[1]" into a selector
    Warning (13048): Converted tri-state node "seven_segment:inst20|bit[0]" into a selector
Warning (13024): Output pins are stuck at VCC or GND
    Warning (13410): Pin "buzzer" is stuck at GND
    Warning (13410): Pin "seg[6]" is stuck at VCC
    Warning (13410): Pin "seg[5]" is stuck at GND
    Warning (13410): Pin "seg[4]" is stuck at GND
    Warning (13410): Pin "seg[3]" is stuck at GND
    Warning (13410): Pin "seg[2]" is stuck at GND
    Warning (13410): Pin "seg[1]" is stuck at GND
    Warning (13410): Pin "seg[0]" is stuck at GND
Info (286030): Timing-Driven Synthesis is running
Info (17049): 32 registers lost all their fanouts during netlist optimizations.
Info (16010): Generating hard_block partition "hard_block:auto_generated_inst"
    Info (16011): Adding 0 node(s), including 0 DDIO, 0 PLL, 0 transceiver and 0 LCELL
Warning (21074): Design contains 7 input pin(s) that do not drive logic
    Warning (15610): No output dependent on input pin "key2"
    Warning (15610): No output dependent on input pin "key3"
    Warning (15610): No output dependent on input pin "key0"
    Warning (15610): No output dependent on input pin "clock13"
    Warning (15610): No output dependent on input pin "rst_n8"
    Warning (15610): No output dependent on input pin "clock2"
    Warning (15610): No output dependent on input pin "rst_n"
Info (21057): Implemented 42 device resources after synthesis - the final resource count might be different
    Info (21058): Implemented 8 input pins
    Info (21059): Implemented 10 output pins
    Info (21061): Implemented 24 logic cells
Info: Quartus Prime Analysis & Synthesis was successful. 0 errors, 30 warnings
    Info: Peak virtual memory: 476 megabytes
    Info: Processing ended: Mon Mar 30 22:06:53 2026
    Info: Elapsed time: 00:00:08
    Info: Total CPU time (on all processors): 00:00:23


