Power Analyzer report for jogo_de_velocidade
Mon Mar 30 19:51:43 2026
Quartus Prime Version 25.1std.0 Build 1129 10/21/2025 SC Lite Edition


---------------------
; Table of Contents ;
---------------------
  1. Legal Notice
  2. Parallel Compilation
  3. Power Analyzer Summary
  4. Power Analyzer Settings
  5. Indeterminate Toggle Rates
  6. Operating Conditions Used
  7. Thermal Power Dissipation by Block
  8. Thermal Power Dissipation by Block Type
  9. Thermal Power Dissipation by Hierarchy
 10. Core Dynamic Thermal Power Dissipation by Clock Domain
 11. Current Drawn from Voltage Supplies Summary
 12. VCCIO Supply Current Drawn by I/O Bank
 13. VCCIO Supply Current Drawn by Voltage
 14. Confidence Metric Details
 15. Signal Activities
 16. Power Analyzer Messages



----------------
; Legal Notice ;
----------------
Copyright (C) 2025  Altera Corporation. All rights reserved.
Your use of Altera Corporation's design tools, logic functions 
and other software and tools, and any partner logic 
functions, and any output files from any of the foregoing 
(including device programming or simulation files), and any 
associated documentation or information are expressly subject 
to the terms and conditions of the Altera Program License 
Subscription Agreement, the Altera Quartus Prime License Agreement,
the Altera IP License Agreement, or other applicable license
agreement, including, without limitation, that your use is for
the sole purpose of programming logic devices manufactured by
Altera and sold by Altera or its authorized distributors.  Please
refer to the Altera Software License Subscription Agreements 
on the Quartus Prime software download page.



+------------------------------------------+
; Parallel Compilation                     ;
+----------------------------+-------------+
; Processors                 ; Number      ;
+----------------------------+-------------+
; Number detected on machine ; 16          ;
; Maximum allowed            ; 16          ;
;                            ;             ;
; Average used               ; 1.08        ;
; Maximum used               ; 16          ;
;                            ;             ;
; Usage by Processor         ; % Time Used ;
;     Processor 1            ; 100.0%      ;
;     Processors 2-16        ;   0.5%      ;
+----------------------------+-------------+


+-------------------------------------------------------------------------------------------+
; Power Analyzer Summary                                                                    ;
+----------------------------------------+--------------------------------------------------+
; Power Analyzer Status                  ; Successful - Mon Mar 30 19:51:43 2026            ;
; Quartus Prime Version                  ; 25.1std.0 Build 1129 10/21/2025 SC Lite Edition  ;
; Revision Name                          ; jogo_de_velocidade                               ;
; Top-level Entity Name                  ; top                                              ;
; Family                                 ; Cyclone IV E                                     ;
; Device                                 ; EP4CE6E22C8                                      ;
; Power Models                           ; Final                                            ;
; Total Thermal Power Dissipation        ; 64.89 mW                                         ;
; Core Dynamic Thermal Power Dissipation ; 0.00 mW                                          ;
; Core Static Thermal Power Dissipation  ; 42.82 mW                                         ;
; I/O Thermal Power Dissipation          ; 22.07 mW                                         ;
; Power Estimation Confidence            ; Low: user provided insufficient toggle rate data ;
+----------------------------------------+--------------------------------------------------+


+--------------------------------------------------------------------------------------------------------------------------+
; Power Analyzer Settings                                                                                                  ;
+------------------------------------------------------------------+---------------------------------------+---------------+
; Option                                                           ; Setting                               ; Default Value ;
+------------------------------------------------------------------+---------------------------------------+---------------+
; Maximum processors allowed for parallel compilation              ; All                                   ;               ;
; Use smart compilation                                            ; Off                                   ; Off           ;
; Enable parallel Assembler and Timing Analyzer during compilation ; On                                    ; On            ;
; Enable compact report table                                      ; Off                                   ; Off           ;
; Preset Cooling Solution                                          ; 23 MM HEAT SINK WITH 200 LFPM AIRFLOW ;               ;
; Board thermal model                                              ; None (CONSERVATIVE)                   ;               ;
; Default Power Toggle Rate                                        ; 12.5%                                 ; 12.5%         ;
; Default Power Input I/O Toggle Rate                              ; 12.5%                                 ; 12.5%         ;
; Use vectorless estimation                                        ; On                                    ; On            ;
; Use Input Files                                                  ; Off                                   ; Off           ;
; Filter Glitches in VCD File Reader                               ; On                                    ; On            ;
; Power Analyzer Report Signal Activity                            ; Off                                   ; Off           ;
; Power Analyzer Report Power Dissipation                          ; Off                                   ; Off           ;
; Device Power Characteristics                                     ; TYPICAL                               ; TYPICAL       ;
; Automatically Compute Junction Temperature                       ; On                                    ; On            ;
; Specified Junction Temperature                                   ; 25                                    ; 25            ;
; Ambient Temperature                                              ; 25                                    ; 25            ;
; Use Custom Cooling Solution                                      ; Off                                   ; Off           ;
; Board Temperature                                                ; 25                                    ; 25            ;
+------------------------------------------------------------------+---------------------------------------+---------------+


+-----------------------------------------+
; Indeterminate Toggle Rates              ;
+-----------+-----------------------------+
; Node      ; Reason                      ;
+-----------+-----------------------------+
; rst_n12   ; No valid clock domain found ;
; clock13   ; No valid clock domain found ;
; pin_name1 ; No valid clock domain found ;
; rst_n8    ; No valid clock domain found ;
; clock2    ; No valid clock domain found ;
; rst_n     ; No valid clock domain found ;
; clock     ; No valid clock domain found ;
; key[2]    ; No valid clock domain found ;
; key[3]    ; No valid clock domain found ;
+-----------+-----------------------------+


+--------------------------------------------------------------------------+
; Operating Conditions Used                                                ;
+---------------------------------------------+----------------------------+
; Setting                                     ; Value                      ;
+---------------------------------------------+----------------------------+
; Device power characteristics                ; Typical                    ;
;                                             ;                            ;
; Voltages                                    ;                            ;
;     VCCINT                                  ; 1.20 V                     ;
;     VCCA                                    ; 2.50 V                     ;
;     VCCD                                    ; 1.20 V                     ;
;     2.5 V I/O Standard                      ; 2.5 V                      ;
;                                             ;                            ;
; Auto computed junction temperature          ; 26.0 degrees Celsius       ;
;     Ambient temperature                     ; 25.0 degrees Celsius       ;
;     Junction-to-Case thermal resistance     ; 10.50 degrees Celsius/Watt ;
;     Case-to-Heat Sink thermal resistance    ; 0.10 degrees Celsius/Watt  ;
;     Heat Sink-to-Ambient thermal resistance ; 4.30 degrees Celsius/Watt  ;
;                                             ;                            ;
; Board model used                            ; None                       ;
+---------------------------------------------+----------------------------+


+----------------------------------------------------------------------------------------------------------------------------------------------+
; Thermal Power Dissipation by Block                                                                                                           ;
+------------+------------+---------------------+-----------------------------+--------------------------------+-------------------------------+
; Block Name ; Block Type ; Total Thermal Power ; Block Thermal Dynamic Power ; Block Thermal Static Power (1) ; Routing Thermal Dynamic Power ;
+------------+------------+---------------------+-----------------------------+--------------------------------+-------------------------------+
(1) The "Thermal Power Dissipation by Block" Table has been hidden. To show this table, please select the "Write power dissipation by block to report file" option under "PowerPlay Power Analyzer Settings".


+--------------------------------------------------------------------------------------------------------------------------------------------------------------------------------------------------------------------+
; Thermal Power Dissipation by Block Type                                                                                                                                                                            ;
+---------------------+-----------------------------------+-----------------------------+--------------------------------+-------------------------------+-----------------------------------------------------------+
; Block Type          ; Total Thermal Power by Block Type ; Block Thermal Dynamic Power ; Block Thermal Static Power (1) ; Routing Thermal Dynamic Power ; Block Average Toggle Rate (millions of transitions / sec) ;
+---------------------+-----------------------------------+-----------------------------+--------------------------------+-------------------------------+-----------------------------------------------------------+
; Combinational cell  ; 0.00 mW                           ; 0.00 mW                     ; --                             ; 0.00 mW                       ;    0.000                                                  ;
; Clock control block ; 0.00 mW                           ; 0.00 mW                     ; --                             ; 0.00 mW                       ;    0.000                                                  ;
; Register cell       ; 0.00 mW                           ; 0.00 mW                     ; --                             ; 0.00 mW                       ;    0.000                                                  ;
; I/O                 ; 7.07 mW                           ; 0.00 mW                     ; 7.07 mW                        ; 0.00 mW                       ;    0.000                                                  ;
+---------------------+-----------------------------------+-----------------------------+--------------------------------+-------------------------------+-----------------------------------------------------------+
(1) The "Block Thermal Static Power" for all block types except Pins and the Voltage Regulator, if one exists, is part of the "Core Static Thermal Power Dissipation" value found on the PowerPlay Power Analyzer-->Summary report panel. The "Core Static Thermal Power Dissipation" also contains the thermal static power dissipated by the routing.


+------------------------------------------------------------------------------------------------------------------------------------------------------------------------------------------------------------------------------------------------------+
; Thermal Power Dissipation by Hierarchy                                                                                                                                                                                                               ;
+-------------------------------------+--------------------------------------+---------------------------------+-----------------------------------+-----------------------------------+---------------------------------------------------------------+
; Compilation Hierarchy Node          ; Total Thermal Power by Hierarchy (1) ; Block Thermal Dynamic Power (1) ; Block Thermal Static Power (1)(2) ; Routing Thermal Dynamic Power (1) ; Full Hierarchy Name                                           ;
+-------------------------------------+--------------------------------------+---------------------------------+-----------------------------------+-----------------------------------+---------------------------------------------------------------+
; |top                                ; 7.07 mW (7.07 mW)                    ; 0.00 mW (0.00 mW)               ; 7.07 mW (7.07 mW)                 ; 0.00 mW (0.00 mW)                 ; |top                                                          ;
;     |hard_block:auto_generated_inst ; 0.00 mW (0.00 mW)                    ; 0.00 mW (0.00 mW)               ; --                                ; 0.00 mW (0.00 mW)                 ; |top|hard_block:auto_generated_inst                           ;
;     |lpm_counter:inst               ; 0.00 mW (0.00 mW)                    ; 0.00 mW (0.00 mW)               ; --                                ; 0.00 mW (0.00 mW)                 ; |top|lpm_counter:inst                                         ;
;         |cntr_tmj:auto_generated    ; 0.00 mW (0.00 mW)                    ; 0.00 mW (0.00 mW)               ; --                                ; 0.00 mW (0.00 mW)                 ; |top|lpm_counter:inst|cntr_tmj:auto_generated                 ;
;             |cmpr_gic:cmpr1         ; 0.00 mW (0.00 mW)                    ; 0.00 mW (0.00 mW)               ; --                                ; 0.00 mW (0.00 mW)                 ; |top|lpm_counter:inst|cntr_tmj:auto_generated|cmpr_gic:cmpr1  ;
;     |debounce:inst3                 ; 0.00 mW (0.00 mW)                    ; 0.00 mW (0.00 mW)               ; --                                ; 0.00 mW (0.00 mW)                 ; |top|debounce:inst3                                           ;
;     |debounce:inst4                 ; 0.00 mW (0.00 mW)                    ; 0.00 mW (0.00 mW)               ; --                                ; 0.00 mW (0.00 mW)                 ; |top|debounce:inst4                                           ;
;     |contador:inst5                 ; 0.00 mW (0.00 mW)                    ; 0.00 mW (0.00 mW)               ; --                                ; 0.00 mW (0.00 mW)                 ; |top|contador:inst5                                           ;
;     |contador:inst7                 ; 0.00 mW (0.00 mW)                    ; 0.00 mW (0.00 mW)               ; --                                ; 0.00 mW (0.00 mW)                 ; |top|contador:inst7                                           ;
;     |lpm_counter:inst8              ; 0.00 mW (0.00 mW)                    ; 0.00 mW (0.00 mW)               ; --                                ; 0.00 mW (0.00 mW)                 ; |top|lpm_counter:inst8                                        ;
;         |cntr_ojj:auto_generated    ; 0.00 mW (0.00 mW)                    ; 0.00 mW (0.00 mW)               ; --                                ; 0.00 mW (0.00 mW)                 ; |top|lpm_counter:inst8|cntr_ojj:auto_generated                ;
;             |cmpr_9ic:cmpr1         ; 0.00 mW (0.00 mW)                    ; 0.00 mW (0.00 mW)               ; --                                ; 0.00 mW (0.00 mW)                 ; |top|lpm_counter:inst8|cntr_ojj:auto_generated|cmpr_9ic:cmpr1 ;
;     |contador_delay:inst11          ; 0.00 mW (0.00 mW)                    ; 0.00 mW (0.00 mW)               ; --                                ; 0.00 mW (0.00 mW)                 ; |top|contador_delay:inst11                                    ;
;         |lpm_counter:inst11         ; 0.00 mW (0.00 mW)                    ; 0.00 mW (0.00 mW)               ; --                                ; 0.00 mW (0.00 mW)                 ; |top|contador_delay:inst11|lpm_counter:inst11                 ;
;         |lpm_compare:inst12         ; 0.00 mW (0.00 mW)                    ; 0.00 mW (0.00 mW)               ; --                                ; 0.00 mW (0.00 mW)                 ; |top|contador_delay:inst11|lpm_compare:inst12                 ;
;     |seven_segment:inst20           ; 0.00 mW (0.00 mW)                    ; 0.00 mW (0.00 mW)               ; --                                ; 0.00 mW (0.00 mW)                 ; |top|seven_segment:inst20                                     ;
;         |demux:inst10               ; 0.00 mW (0.00 mW)                    ; 0.00 mW (0.00 mW)               ; --                                ; 0.00 mW (0.00 mW)                 ; |top|seven_segment:inst20|demux:inst10                        ;
;         |7447:inst15                ; 0.00 mW (0.00 mW)                    ; 0.00 mW (0.00 mW)               ; --                                ; 0.00 mW (0.00 mW)                 ; |top|seven_segment:inst20|7447:inst15                         ;
+-------------------------------------+--------------------------------------+---------------------------------+-----------------------------------+-----------------------------------+---------------------------------------------------------------+
(1) Value in parentheses is the power consumed at that level of hierarchy. Value not in parentheses is the power consumed at that level of hierarchy plus the power consumed by all levels of hierarchy below it.

(2) The "Block Thermal Static Power" for all levels of hierarchy except the top-level hierarchy is part of the "Core Static Thermal Power Dissipation" value found on the PowerPlay Power Analyzer-->Summary report panel. The "Core Static Thermal Power Dissipation" also contains the thermal static power dissipated by the routing.


+--------------------------------------------------------------------+
; Core Dynamic Thermal Power Dissipation by Clock Domain             ;
+-----------------+-----------------------+--------------------------+
; Clock Domain    ; Clock Frequency (MHz) ; Total Core Dynamic Power ;
+-----------------+-----------------------+--------------------------+
; No clock domain ; 0.00                  ; 0.00                     ;
+-----------------+-----------------------+--------------------------+


+------------------------------------------------------------------------------------------------------------------------------------+
; Current Drawn from Voltage Supplies Summary                                                                                        ;
+----------------+-------------------------+---------------------------+--------------------------+----------------------------------+
; Voltage Supply ; Total Current Drawn (1) ; Dynamic Current Drawn (1) ; Static Current Drawn (1) ; Minimum Power Supply Current (2) ;
+----------------+-------------------------+---------------------------+--------------------------+----------------------------------+
; VCCINT         ; 8.11 mA                 ; 0.00 mA                   ; 8.11 mA                  ; 8.11 mA                          ;
; VCCIO          ; 6.09 mA                 ; 0.00 mA                   ; 6.09 mA                  ; 6.09 mA                          ;
; VCCA           ; 15.49 mA                ; 0.00 mA                   ; 15.49 mA                 ; 15.49 mA                         ;
; VCCD           ; 1.00 mA                 ; 0.00 mA                   ; 1.00 mA                  ; 1.00 mA                          ;
+----------------+-------------------------+---------------------------+--------------------------+----------------------------------+
(1) Currents reported in columns "Total Current Drawn", "Dynamic Current Drawn", and "Static Current Drawn" are sufficient for user operation of the device.  
(2) Currents reported in column "Minimum Power Supply Current" are sufficient for power-up, configuration, and user operation of the device.


+-----------------------------------------------------------------------------------------------+
; VCCIO Supply Current Drawn by I/O Bank                                                        ;
+----------+---------------+---------------------+-----------------------+----------------------+
; I/O Bank ; VCCIO Voltage ; Total Current Drawn ; Dynamic Current Drawn ; Static Current Drawn ;
+----------+---------------+---------------------+-----------------------+----------------------+
; 1        ; 2.5V          ; 0.77 mA             ; 0.00 mA               ; 0.77 mA              ;
; 2        ; 2.5V          ; 0.75 mA             ; 0.00 mA               ; 0.75 mA              ;
; 3        ; 2.5V          ; 0.75 mA             ; 0.00 mA               ; 0.75 mA              ;
; 4        ; 2.5V          ; 0.76 mA             ; 0.00 mA               ; 0.76 mA              ;
; 5        ; 2.5V          ; 0.75 mA             ; 0.00 mA               ; 0.75 mA              ;
; 6        ; 2.5V          ; 0.76 mA             ; 0.00 mA               ; 0.76 mA              ;
; 7        ; 2.5V          ; 0.78 mA             ; 0.00 mA               ; 0.78 mA              ;
; 8        ; 2.5V          ; 0.77 mA             ; 0.00 mA               ; 0.77 mA              ;
+----------+---------------+---------------------+-----------------------+----------------------+


+-----------------------------------------------------------------------------------------------------------------------------------+
; VCCIO Supply Current Drawn by Voltage                                                                                             ;
+---------------+-------------------------+---------------------------+--------------------------+----------------------------------+
; VCCIO Voltage ; Total Current Drawn (1) ; Dynamic Current Drawn (1) ; Static Current Drawn (1) ; Minimum Power Supply Current (2) ;
+---------------+-------------------------+---------------------------+--------------------------+----------------------------------+
; 2.5V          ; 6.09 mA                 ; 0.00 mA                   ; 6.09 mA                  ; 6.09 mA                          ;
+---------------+-------------------------+---------------------------+--------------------------+----------------------------------+
(1) Currents reported in columns "Total Current Drawn", "Dynamic Current Drawn", and "Static Current Drawn" are sufficient for user operation of the device.  
(2) Currents reported in column "Minimum Power Supply Current" are sufficient for power-up, configuration, and user operation of the device.


+-------------------------------------------------------------------------------------------------------------------------------------------------+
; Confidence Metric Details                                                                                                                       ;
+----------------------------------------------------------------------------------------+-------------+------------+-------------+---------------+
; Data Source                                                                            ; Total       ; Pin        ; Registered  ; Combinational ;
+----------------------------------------------------------------------------------------+-------------+------------+-------------+---------------+
; Simulation (from file)                                                                 ;             ;            ;             ;               ;
;     -- Number of signals with Toggle Rate from Simulation                              ; 0 (0.0%)    ; 0 (0.0%)   ; 0 (0.0%)    ; 0 (0.0%)      ;
;     -- Number of signals with Static Probability from Simulation                       ; 0 (0.0%)    ; 0 (0.0%)   ; 0 (0.0%)    ; 0 (0.0%)      ;
;                                                                                        ;             ;            ;             ;               ;
; Node, entity or clock assignment                                                       ;             ;            ;             ;               ;
;     -- Number of signals with Toggle Rate from Node, entity or clock assignment        ; 0 (0.0%)    ; 0 (0.0%)   ; 0 (0.0%)    ; 0 (0.0%)      ;
;     -- Number of signals with Static Probability from Node, entity or clock assignment ; 0 (0.0%)    ; 0 (0.0%)   ; 0 (0.0%)    ; 0 (0.0%)      ;
;                                                                                        ;             ;            ;             ;               ;
; Vectorless estimation                                                                  ;             ;            ;             ;               ;
;     -- Number of signals with Toggle Rate from Vectorless estimation                   ; 190 (94.1%) ; 11 (47.8%) ; 47 (100.0%) ; 132 (100.0%)  ;
;     -- Number of signals with Zero toggle rate, from Vectorless estimation             ; 12 (5.9%)   ; 2 (8.7%)   ; 0 (0.0%)    ; 10 (7.6%)     ;
;     -- Number of signals with Static Probability from Vectorless estimation            ; 190 (94.1%) ; 11 (47.8%) ; 47 (100.0%) ; 132 (100.0%)  ;
;                                                                                        ;             ;            ;             ;               ;
; Default assignment                                                                     ;             ;            ;             ;               ;
;     -- Number of signals with Toggle Rate from Default assignment                      ; 0 (0.0%)    ; 0 (0.0%)   ; 0 (0.0%)    ; 0 (0.0%)      ;
;     -- Number of signals with Static Probability from Default assignment               ; 12 (5.9%)   ; 12 (52.2%) ; 0 (0.0%)    ; 0 (0.0%)      ;
;                                                                                        ;             ;            ;             ;               ;
; Assumed 0                                                                              ;             ;            ;             ;               ;
;     -- Number of signals with Toggle Rate assumed 0                                    ; 12 (5.9%)   ; 12 (52.2%) ; 0 (0.0%)    ; 0 (0.0%)      ;
+----------------------------------------------------------------------------------------+-------------+------------+-------------+---------------+


+---------------------------------------------------------------------------------------------------------------------------------------------+
; Signal Activities                                                                                                                           ;
+--------+------+---------------------------------------------+-------------------------+--------------------+--------------------------------+
; Signal ; Type ; Toggle Rate (millions of transitions / sec) ; Toggle Rate Data Source ; Static Probability ; Static Probability Data Source ;
+--------+------+---------------------------------------------+-------------------------+--------------------+--------------------------------+
(1) The "Signal Activity" Table has been hidden. To show this table, please select the "Write signal activities to report file" option under "PowerPlay Power Analyzer Settings".


+-------------------------+
; Power Analyzer Messages ;
+-------------------------+
Info: *******************************************************************
Info: Running Quartus Prime Power Analyzer
    Info: Version 25.1std.0 Build 1129 10/21/2025 SC Lite Edition
    Info: Processing started: Mon Mar 30 19:51:42 2026
Info: Command: quartus_pow --read_settings_files=on --write_settings_files=off jogo_de_velocidade -c jogo_de_velocidade
Info (21077): Low junction temperature is 0 degrees C
Info (21077): High junction temperature is 85 degrees C
Critical Warning (332012): Synopsys Design Constraints File file not found: 'jogo_de_velocidade.sdc'. A Synopsys Design Constraints File is required by the Timing Analyzer to get proper timing constraints. Without it, the Compiler will not properly optimize the design.
Warning (332060): Node: clock was determined to be a clock but was found without an associated clock assignment.
    Info (13166): Register lpm_counter:inst8|cntr_ojj:auto_generated|counter_reg_bit[11] is being clocked by clock
Warning (332060): Node: inst9 was determined to be a clock but was found without an associated clock assignment.
    Info (13166): Register seven_segment:inst20|inst is being clocked by inst9
Warning (332060): Node: debounce:inst4|inst1 was determined to be a clock but was found without an associated clock assignment.
    Info (13166): Register contador:inst5|inst is being clocked by debounce:inst4|inst1
Warning (332060): Node: inst1 was determined to be a clock but was found without an associated clock assignment.
    Info (13166): Register debounce:inst4|inst1 is being clocked by inst1
Warning (332060): Node: debounce:inst3|inst1 was determined to be a clock but was found without an associated clock assignment.
    Info (13166): Register contador:inst7|inst is being clocked by debounce:inst3|inst1
Warning (332068): No clocks defined in design.
Info (223000): Starting Vectorless Power Activity Estimation
Warning (222013): Relative toggle rates could not be calculated because no clock domain could be identified for some nodes
Info (223001): Completed Vectorless Power Activity Estimation
Info (218000): Using Advanced I/O Power to simulate I/O buffers with the specified board trace model
Info (334003): Started post-fitting delay annotation
Info (334004): Delay annotation completed successfully
Info (215049): Average toggle rate for this design is 0.000 millions of transitions / sec
Info (215031): Total thermal power estimate for the design is 64.89 mW
Info: Quartus Prime Power Analyzer was successful. 0 errors, 8 warnings
    Info: Peak virtual memory: 895 megabytes
    Info: Processing ended: Mon Mar 30 19:51:43 2026
    Info: Elapsed time: 00:00:01
    Info: Total CPU time (on all processors): 00:00:01


